---
source: workers/harness-tui/tests/render_snapshot.rs
expression: rendered
---
harness  ·  anthropic claude-sonnet  ·  cwd: /snap/cwd
────────────────────────────────────────────────────────────────────────────────












────────────────────────────────────────────────────────────────────────────────

┌input─────────────────────────────────────────────────────────────────────────┐
│>                                                                             │
└──────────────────────────────────────────────────────────────────────────────┘
                           0 turns · ↑0 ↓0 · $- · ctx 0k/200k · think:off · idle
